<?xml version="1.0" encoding="UTF-8"?>
<TestRun id="78162c26-39f9-44b1-811d-434a1024d8fe" name="tncbbthositg@PATRICKSDESKPRO 2012-09-14 13:42:58" runUser="PatricksDeskPro\tncbbthositg" xmlns="http://microsoft.com/schemas/VisualStudio/TeamTest/2010">
  <TestSettings name="Local" id="970cc930-00b7-41ec-8f95-5c45e87bb25d">
    <Description>These are default test settings for a local test run.</Description>
    <Deployment userDeploymentRoot="C:\Users\tncbbthositg\Documents\VersionRepositories\GitHub\BinarySerializer\TestResults" useDefaultDeploymentRoot="false" enabled="false" runDeploymentRoot="tncbbthositg_PATRICKSDESKPRO 2012-09-14 13_42_58">
      <DeploymentItem filename="C:\Users\tncbbthositg\Documents\VersionRepositories\GitHub\BinarySerializer\BinarySerializer\bin\Debug\com.AutopilotLlc.BinarySerializer.dll" />
    </Deployment>
    <Execution>
      <TestTypeSpecific />
      <AgentRule name="Execution Agents">
      </AgentRule>
    </Execution>
  </TestSettings>
  <Times creation="2012-09-14T13:42:58.8759690-04:00" queuing="2012-09-14T13:43:02.5191774-04:00" start="2012-09-14T13:43:03.1332125-04:00" finish="2012-09-14T13:43:06.9554311-04:00" />
  <ResultSummary outcome="Completed">
    <Counters total="1" executed="1" passed="1" error="0" failed="0" timeout="0" aborted="0" inconclusive="0" passedButRunAborted="0" notRunnable="0" notExecuted="0" disconnected="0" warning="0" completed="0" inProgress="0" pending="0" />
  </ResultSummary>
  <TestDefinitions>
    <UnitTest name="CanSerializeAndDeserializePrimitives" storage="c:\users\tncbbthositg\documents\versionrepositories\github\binaryserializer\binaryserializertest\bin\debug\binaryserializertest.dll" id="c8506e53-8a61-d0f9-25cb-0fac575e5f7f">
      <Execution id="b610951a-b89e-4c1c-97c4-512e0344919c" />
      <TestMethod codeBase="C:/Users/tncbbthositg/Documents/VersionRepositories/GitHub/BinarySerializer/BinarySerializerTest/bin/Debug/BinarySerializerTest.DLL" adapterTypeName="Microsoft.VisualStudio.TestTools.TestTypes.Unit.UnitTestAdapter, Microsoft.VisualStudio.QualityTools.Tips.UnitTest.Adapter, Version=10.0.0.0, Culture=neutral, PublicKeyToken=b03f5f7f11d50a3a" className="BinarySerializerTest.SerializerTests, BinarySerializerTest, Version=1.0.0.0, Culture=neutral, PublicKeyToken=null" name="CanSerializeAndDeserializePrimitives" />
    </UnitTest>
  </TestDefinitions>
  <TestLists>
    <TestList name="Results Not in a List" id="8c84fa94-04c1-424b-9868-57a2d4851a1d" />
    <TestList name="All Loaded Results" id="19431567-8539-422a-85d7-44ee4e166bda" />
  </TestLists>
  <TestEntries>
    <TestEntry testId="c8506e53-8a61-d0f9-25cb-0fac575e5f7f" executionId="b610951a-b89e-4c1c-97c4-512e0344919c" testListId="8c84fa94-04c1-424b-9868-57a2d4851a1d" />
  </TestEntries>
  <Results>
    <UnitTestResult executionId="b610951a-b89e-4c1c-97c4-512e0344919c" testId="c8506e53-8a61-d0f9-25cb-0fac575e5f7f" testName="CanSerializeAndDeserializePrimitives" computerName="PATRICKSDESKPRO" duration="00:00:00.1604107" startTime="2012-09-14T13:43:03.4852326-04:00" endTime="2012-09-14T13:43:06.8034224-04:00" testType="13cdc9d9-ddb5-4fa4-a97d-d965ccfc6d4b" outcome="Passed" testListId="8c84fa94-04c1-424b-9868-57a2d4851a1d" relativeResultsDirectory="b610951a-b89e-4c1c-97c4-512e0344919c">
    </UnitTestResult>
  </Results>
</TestRun>